
> nsu-alumni@0.1.0 build
> next build

   Γû▓ Next.js 16.0.1 (Turbopack)
   - Environments: .env.local

   Creating an optimized production build ...
 Γ£ô Compiled successfully in 5.8s
   Running TypeScript ...
   Collecting page data ...
   Generating static pages (0/25) ...
   Generating static pages (6/25) 
   Generating static pages (12/25) 
   Generating static pages (18/25) 
 Γ£ô Generating static pages (25/25) in 3.3s
   Finalizing page optimization ...

Route (app)
Γöî Γùï /
Γö£ Γùï /_not-found
Γö£ Γùï /about
Γö£ Γùï /admin/panel
Γö£ Γùï /alumni/directory
Γö£ ╞Æ /api/img/[w]/[h]
Γö£ ╞Æ /api/send-email-verification
Γö£ ╞Æ /api/user/[uid]
Γö£ ╞Æ /api/user/verify
Γö£ Γùï /benefits
Γö£ Γùï /benefits/giving-back
Γö£ Γùï /contact
Γö£ Γùï /dashboard
Γö£ Γùï /directory
Γö£ Γùï /events
Γö£ Γùï /forgot-password
Γö£ Γùï /join
Γö£ Γùï /login
Γö£ Γùï /mentoring
Γö£ Γùï /new-students
Γö£ Γùï /news
Γö£ Γùï /profile
Γö£ Γùï /profile/settings
Γö£ Γùï /verify-account
Γöö Γùï /verify-email


Γùï  (Static)   prerendered as static content
╞Æ  (Dynamic)  server-rendered on demand

